// Jest Snapshot v1, https://goo.gl/fbAQLP

exports[`should render single item 1`] = `
<div>
  <div>
    <Link
      replace={false}
      to="/edit/2"
    >
      <h2>
        gas bill
      </h2>
    </Link>
  </div>
  <h3>
    $833.00
     - created at: 
    December 27th, 1969
     
  </h3>
</div>
`;
